2026-10-06 14:03:33+0000 [INFO] - Process started.
2026-10-06 14:03:33+0000 [INFO] - API credentials refreshed.
2026-10-06 14:03:33+0000 [INFO] - YouTube service created successfully.
2026-10-06 14:03:33+0000 [INFO] - Iterative research for 233 YouTube channels.
2026-10-06 14:05:37+0000 [INFO] - Add statistics for 46 video(s).
2026-10-06 14:06:06+0000 [INFO] - Filtered 1 upcoming stream(s) from stats tracking.
2026-10-06 14:06:07+0000 [INFO] - Addition to "Banger Radar": 4 video(s).
2026-10-06 14:06:09+0000 [INFO] - Addition to "Release Radar": 13 video(s).
2026-10-06 14:06:24+0000 [INFO] - Addition to "Educational content": 3 video(s).
2026-10-06 14:06:26+0000 [INFO] - Addition to "Entertainment & Gaming": 6 video(s).
2026-10-06 14:06:30+0000 [INFO] - Addition to "ASMR & Relaxation": 1 video(s).
2026-10-06 14:06:31+0000 [INFO] - Addition to "My streams": 1 video(s).
2026-10-06 14:06:32+0000 [INFO] - No addition necessary for Release Radar
2026-10-06 14:06:32+0000 [INFO] - Checking retention for playlist "🧠 Educational content (Private)" (retention: 30 days)
2026-10-06 14:06:32+0000 [INFO] - No expired videos in "🧠 Educational content (Private)"
2026-10-06 14:06:32+0000 [INFO] - Checking retention for playlist "🍿🎮 Entertainment & Gaming (Private)" (retention: 7 days)
2026-10-06 14:06:32+0000 [INFO] - Removing 2 expired video(s) from "🍿🎮 Entertainment & Gaming (Private)"
2026-10-06 14:06:33+0000 [INFO] - Checking retention for playlist "💤 ASMR & Relaxation (Private)" (retention: 10 days)
2026-10-06 14:06:34+0000 [INFO] - No expired videos in "💤 ASMR & Relaxation (Private)"
2026-10-06 14:06:34+0000 [INFO] - Checking ended streams for playlist "🍿🔴 My streams (Private)"
2026-10-06 14:06:34+0000 [INFO] - No ended streams in "🍿🔴 My streams (Private)"
2026-10-06 14:06:35+0000 [INFO] - Repository Secret 'CREDS_B64' updated successfully.
2026-10-06 14:06:35+0000 [INFO] - Process ended.
